node : Failed with gemini-2.0-flash: 
[GoogleGenerativeAI Error]: Error fetching from https
://generativelanguage.googleapis.com/v1beta/models/ge
mini-2.0-flash:generateContent: [429 Too Many 
Requests] You exceeded your current quota, please 
check your plan and billing details. For more 
information on this error, head to: 
https://ai.google.dev/gemini-api/docs/rate-limits. 
To monitor your current usage, head to: 
https://ai.dev/rate-limit. 
At line:1 char:1
+ node test.mjs > test.log 2>&1
+ ~~~~~~~~~~~~~~~~~~~~~~~~~~~~~
    + CategoryInfo          : NotSpecified: (Failed  
   with gem...ev/rate-limit. :String) [], RemoteExc  
  eption
    + FullyQualifiedErrorId : NativeCommandError
 
* Quota exceeded for metric: generativelanguage.googl
eapis.com/generate_content_free_tier_input_token_coun
t, limit: 0, model: gemini-2.0-flash
* Quota exceeded for metric: generativelanguage.googl
eapis.com/generate_content_free_tier_requests, 
limit: 0, model: gemini-2.0-flash
* Quota exceeded for metric: generativelanguage.googl
eapis.com/generate_content_free_tier_requests, 
limit: 0, model: gemini-2.0-flash
Please retry in 8.883773413s. [{"@type":"type.googlea
pis.com/google.rpc.Help","links":[{"description":"Lea
rn more about Gemini API quotas","url":"https://ai.go
ogle.dev/gemini-api/docs/rate-limits"}]},{"@type":"ty
pe.googleapis.com/google.rpc.QuotaFailure","violation
s":[{"quotaMetric":"generativelanguage.googleapis.com
/generate_content_free_tier_input_token_count","quota
Id":"GenerateContentInputTokensPerModelPerMinute-Free
Tier","quotaDimensions":{"location":"global","model":
"gemini-2.0-flash"}},{"quotaMetric":"generativelangua
ge.googleapis.com/generate_content_free_tier_requests
","quotaId":"GenerateRequestsPerMinutePerProjectPerMo
del-FreeTier","quotaDimensions":{"location":"global",
"model":"gemini-2.0-flash"}},{"quotaMetric":"generati
velanguage.googleapis.com/generate_content_free_tier_
requests","quotaId":"GenerateRequestsPerDayPerProject
PerModel-FreeTier","quotaDimensions":{"location":"glo
bal","model":"gemini-2.0-flash"}}]},{"@type":"type.go
ogleapis.com/google.rpc.RetryInfo","retryDelay":"8s"}
]
Failed with gemini-1.5-flash: [GoogleGenerativeAI 
Error]: Error fetching from https://generativelanguag
e.googleapis.com/v1beta/models/gemini-1.5-flash:gener
ateContent: [404 Not Found] models/gemini-1.5-flash 
is not found for API version v1beta, or is not 
supported for generateContent. Call ListModels to 
see the list of available models and their supported 
methods.
Failed with gemini-1.5-flash-latest: 
[GoogleGenerativeAI Error]: Error fetching from https
://generativelanguage.googleapis.com/v1beta/models/ge
mini-1.5-flash-latest:generateContent: [404 Not 
Found] models/gemini-1.5-flash-latest is not found 
for API version v1beta, or is not supported for 
generateContent. Call ListModels to see the list of 
available models and their supported methods.
Failed with gemini-1.5-pro: [GoogleGenerativeAI 
Error]: Error fetching from https://generativelanguag
e.googleapis.com/v1beta/models/gemini-1.5-pro:generat
eContent: [404 Not Found] models/gemini-1.5-pro is 
not found for API version v1beta, or is not 
supported for generateContent. Call ListModels to 
see the list of available models and their supported 
methods.
Failed with gemini-1.0-pro: [GoogleGenerativeAI 
Error]: Error fetching from https://generativelanguag
e.googleapis.com/v1beta/models/gemini-1.0-pro:generat
eContent: [404 Not Found] models/gemini-1.0-pro is 
not found for API version v1beta, or is not 
supported for generateContent. Call ListModels to 
see the list of available models and their supported 
methods.
Failed with gemini-pro: [GoogleGenerativeAI Error]: 
Error fetching from https://generativelanguage.google
apis.com/v1beta/models/gemini-pro:generateContent: 
[404 Not Found] models/gemini-pro is not found for 
API version v1beta, or is not supported for 
generateContent. Call ListModels to see the list of 
available models and their supported methods.
